
> frontend@0.1.0 test
> react-scripts test AdminDashboard.test.js --watchAll=false

FAIL src/admin/AdminDashboard.test.js
  ● Test suite failed to run

    Cannot find module 'react-router-dom' from 'src/admin/AdminDashboard.test.js'

    [0m [90m 1 |[39m [36mimport[39m { render[33m,[39m screen } [36mfrom[39m [32m'@testing-library/react'[39m[33m;[39m
    [31m[1m>[22m[39m[90m 2 |[39m [36mimport[39m { [33mBrowserRouter[39m } [36mfrom[39m [32m'react-router-dom'[39m[33m;[39m
     [90m   |[39m [31m[1m^[22m[39m
     [90m 3 |[39m [36mimport[39m [33mAdminDashboard[39m [36mfrom[39m [32m'./AdminDashboard'[39m[33m;[39m
     [90m 4 |[39m
     [90m 5 |[39m test([32m'renders admin dashboard sidebar items'[39m[33m,[39m () [33m=>[39m {[0m

      at Resolver.resolveModule (node_modules/jest-resolve/build/resolver.js:324:11)
      at Object.<anonymous> (src/admin/AdminDashboard.test.js:2:1)
      at TestScheduler.scheduleTests (node_modules/@jest/core/build/TestScheduler.js:333:13)
      at runJest (node_modules/@jest/core/build/runJest.js:404:19)
      at _run10000 (node_modules/@jest/core/build/cli/index.js:320:7)
      at runCLI (node_modules/@jest/core/build/cli/index.js:173:3)

Test Suites: 1 failed, 1 total
Tests:       0 total
Snapshots:   0 total
Time:        0.933 s
Ran all test suites matching /AdminDashboard.test.js/i.
