Starting Bulk Update Test...
Creating test student...
Test student created.
Performing bulk update (Sem 1 -> Sem 2)...
node : SyntaxError: 
Unexpected token 
'<', "<!DOCTYPE "... 
is not valid JSON
At line:1 char:1
+ node 
test_bulk_update.js 
> test_output.txt 
2>&1
+ ~~~~~~~~~~~~~~~~~~~
~~~~~~~~~~~~~~~~~~~~~
~~~~~~~
    + CategoryInfo   
           : NotSpe  
  cified: (SyntaxE   
 rror: Un... not     
valid JSON:Strin    
g) [], RemoteExc    
eption
    + FullyQualified 
   ErrorId : Native  
  CommandError
 
    at JSON.parse 
(<anonymous>)
    at Object.json 
(C:\Users\Danusree 
K\OneDrive - 
BIT\Desktop\course 
credit system\backend
\test_bulk_update.js:
23:54)
    at 
testBulkUpdate 
(C:\Users\Danusree 
K\OneDrive - 
BIT\Desktop\course 
credit system\backend
\test_bulk_update.js:
67:40)
    at process.proces
sTicksAndRejections (
node:internal/process
/task_queues:105:5)
